// Jest Snapshot v1, https://goo.gl/fbAQLP

exports[`Login Component test renders well 1`] = `
<div>
  <form>
    <input
      className="login-input"
      name="ID"
      onChange={[Function]}
      placeholder="ID"
    />
    <input
      className="login-input"
      name="password"
      onChange={[Function]}
      placeholder="Password"
    />
    <button
      className="login-button"
      onClick={[Function]}
    >
      Sign in
    </button>
  </form>
</div>
`;
